// Jest Snapshot v1, https://goo.gl/fbAQLP

exports[`App it renders correctly 1`] = `
ShallowWrapper {
  "length": 1,
  Symbol(enzyme.__root__): [Circular],
  Symbol(enzyme.__unrendered__): <App />,
  Symbol(enzyme.__renderer__): Object {
    "batchedUpdates": [Function],
    "getNode": [Function],
    "render": [Function],
    "simulateEvent": [Function],
    "unmount": [Function],
  },
  Symbol(enzyme.__node__): Object {
    "instance": null,
    "key": undefined,
    "nodeType": "host",
    "props": Object {
      "children": Array [
        <header>
          <h2>
                    Gift Giver
          </h2>
</header>,
        <main>
          <Button
                    active={false}
                    block={false}
                    bsClass="btn"
                    bsStyle="default"
                    className="btn-add"
                    disabled={false}
                    onClick={[Function]}
          >
                    Add Gift
          </Button>
          <section
                    className="gift-list"
          >
                    
          </section>
</main>,
      ],
      "className": "App",
    },
    "ref": null,
    "rendered": Array [
      Object {
        "instance": null,
        "key": undefined,
        "nodeType": "host",
        "props": Object {
          "children": <h2>
            Gift Giver
</h2>,
        },
        "ref": null,
        "rendered": Object {
          "instance": null,
          "key": undefined,
          "nodeType": "host",
          "props": Object {
            "children": "Gift Giver",
          },
          "ref": null,
          "rendered": "Gift Giver",
          "type": "h2",
        },
        "type": "header",
      },
      Object {
        "instance": null,
        "key": undefined,
        "nodeType": "host",
        "props": Object {
          "children": Array [
            <Button
              active={false}
              block={false}
              bsClass="btn"
              bsStyle="default"
              className="btn-add"
              disabled={false}
              onClick={[Function]}
>
              Add Gift
</Button>,
            <section
              className="gift-list"
>
              
</section>,
          ],
        },
        "ref": null,
        "rendered": Array [
          Object {
            "instance": null,
            "key": undefined,
            "nodeType": "class",
            "props": Object {
              "active": false,
              "block": false,
              "bsClass": "btn",
              "bsStyle": "default",
              "children": "Add Gift",
              "className": "btn-add",
              "disabled": false,
              "onClick": [Function],
            },
            "ref": null,
            "rendered": "Add Gift",
            "type": [Function],
          },
          Object {
            "instance": null,
            "key": undefined,
            "nodeType": "host",
            "props": Object {
              "children": Array [],
              "className": "gift-list",
            },
            "ref": null,
            "rendered": Array [],
            "type": "section",
          },
        ],
        "type": "main",
      },
    ],
    "type": "div",
  },
  Symbol(enzyme.__nodes__): Array [
    Object {
      "instance": null,
      "key": undefined,
      "nodeType": "host",
      "props": Object {
        "children": Array [
          <header>
            <h2>
                        Gift Giver
            </h2>
</header>,
          <main>
            <Button
                        active={false}
                        block={false}
                        bsClass="btn"
                        bsStyle="default"
                        className="btn-add"
                        disabled={false}
                        onClick={[Function]}
            >
                        Add Gift
            </Button>
            <section
                        className="gift-list"
            >
                        
            </section>
</main>,
        ],
        "className": "App",
      },
      "ref": null,
      "rendered": Array [
        Object {
          "instance": null,
          "key": undefined,
          "nodeType": "host",
          "props": Object {
            "children": <h2>
              Gift Giver
</h2>,
          },
          "ref": null,
          "rendered": Object {
            "instance": null,
            "key": undefined,
            "nodeType": "host",
            "props": Object {
              "children": "Gift Giver",
            },
            "ref": null,
            "rendered": "Gift Giver",
            "type": "h2",
          },
          "type": "header",
        },
        Object {
          "instance": null,
          "key": undefined,
          "nodeType": "host",
          "props": Object {
            "children": Array [
              <Button
                active={false}
                block={false}
                bsClass="btn"
                bsStyle="default"
                className="btn-add"
                disabled={false}
                onClick={[Function]}
>
                Add Gift
</Button>,
              <section
                className="gift-list"
>
                
</section>,
            ],
          },
          "ref": null,
          "rendered": Array [
            Object {
              "instance": null,
              "key": undefined,
              "nodeType": "class",
              "props": Object {
                "active": false,
                "block": false,
                "bsClass": "btn",
                "bsStyle": "default",
                "children": "Add Gift",
                "className": "btn-add",
                "disabled": false,
                "onClick": [Function],
              },
              "ref": null,
              "rendered": "Add Gift",
              "type": [Function],
            },
            Object {
              "instance": null,
              "key": undefined,
              "nodeType": "host",
              "props": Object {
                "children": Array [],
                "className": "gift-list",
              },
              "ref": null,
              "rendered": Array [],
              "type": "section",
            },
          ],
          "type": "main",
        },
      ],
      "type": "div",
    },
  ],
  Symbol(enzyme.__options__): Object {
    "adapter": ReactSixteenAdapter {
      "options": Object {
        "enableComponentDidUpdateOnSetState": true,
      },
    },
  },
}
`;
